RAM Allocation [bytes]
Variable                                                                          Address   Size
------------------------------------------------------------------------------------------------
display_buffer                                                                    0x0160      16
_base_y (alcd.lib)                                                                0x0170       4

EEPROM Allocation [bytes]
Variable                                                                          Address   Size
------------------------------------------------------------------------------------------------

Register Allocation
Variable                                                                          Register  Size
------------------------------------------------------------------------------------------------
_lcd_x                                                                            R5           1
_lcd_y                                                                            R4           1
_lcd_maxx                                                                         R7           1

FLASH Allocation [words]
Function                                                                          Address   Size
------------------------------------------------------------------------------------------------
ext_int0_isr                                                                      0x00079      1
ext_int1_isr                                                                      0x0007A      1
main                                                                              0x0007B    146
put_buff_G100                                                                     0x0010D     46
_print_G100                                                                       0x0013B    293
sprintf                                                                           0x00260     55
_lcd_write_nibble_G101                                                            0x00297     22
_lcd_write_data                                                                   0x002AD     14
lcd_gotoxy                                                                        0x002BB     13
lcd_clear                                                                         0x002C8     10
lcd_putchar                                                                       0x002D2     22
lcd_puts                                                                          0x002E8     15
lcd_init                                                                          0x002F7     43
ds1302_rst0_G102                                                                  0x00322      5
ds1302_write0_G102                                                                0x00327     13
ds1302_write1_G102                                                                0x00334     22
ds1302_read                                                                       0x0034A     26
ds1302_write                                                                      0x00364     12
rtc_init                                                                          0x00370     19
rtc_get_time                                                                      0x00383      7
rtc_set_time                                                                      0x0038A      8
rtc_get_date                                                                      0x00392     14
rtc_set_date                                                                      0x003A0     19
strlen                                                                            0x003B3     12
strlenf                                                                           0x003BF     13
bcd2bin                                                                           0x003CC     13
bin2bcd                                                                           0x003D9     10
