RAM Allocation
Variable                                                          Address   Size
--------------------------------------------------------------------------------
_base_y                                                           0x0160       4

EEPROM Allocation
Variable                                                          Address   Size
--------------------------------------------------------------------------------

Register Allocation
Variable                                                          Register  Size
--------------------------------------------------------------------------------
counter                                                           R5           1
SAMPLE_POINT                                                      R4           1
new_unfiltered_data                                               R7           1
filter_index                                                      R6           1
sample_index                                                      R9           1
checkADCLoop                                                      R8           1
newdata                                                           R11          1
_lcd_x                                                            R10          1
_lcd_y                                                            R13          1
_lcd_maxx                                                         R12          1
