RAM Allocation [bytes]
Variable                                                                          Address   Size
------------------------------------------------------------------------------------------------
_base_y (alcd.lib)                                                                0x0160       4

EEPROM Allocation [bytes]
Variable                                                                          Address   Size
------------------------------------------------------------------------------------------------

Register Allocation
Variable                                                                          Register  Size
------------------------------------------------------------------------------------------------
_lcd_x                                                                            R5           1
_lcd_y                                                                            R4           1
_lcd_maxx                                                                         R7           1

FLASH Allocation [words]
Function                                                                          Address   Size
------------------------------------------------------------------------------------------------
ext_int0_isr                                                                      0x00067      6
ext_int1_isr                                                                      0x0006D      6
timer0_ovf_isr                                                                    0x00073      5
adc_isr                                                                           0x00078     59
main                                                                              0x000B3     58
put_buff_G100                                                                     0x000ED     46
_print_G100                                                                       0x0011B    293
sprintf                                                                           0x00240     55
_lcd_write_nibble_G101                                                            0x00277     21
_lcd_write_data                                                                   0x0028C     14
lcd_gotoxy                                                                        0x0029A     18
lcd_clear                                                                         0x002AC     10
lcd_putchar                                                                       0x002B6     19
lcd_puts                                                                          0x002C9     15
lcd_init                                                                          0x002D8     43
strlen                                                                            0x00303     12
strlenf                                                                           0x0030F     13
